All tests passed! - Behavioral
All tests passed! - RTL
